Hello World!
N25 M15
CC
T1 F0
x5
x6 y8
z[6]-5
cA
ind1
z[6]10 a10
b67 b531
len37
Message
valid1
x-379
z[24]19
cz
ind0
a78
msg[0]P
valid1
A67
a78 a-9679

Completion took 0 ms