Compiling source file: D:\Documents\Fakultet\7. semestar\13E114PP1\Projekat\MJCompiler\test\generator\july302.mj
Syntax analysis completed without errors!
Starting semantic analysis...
Found global variable usage 'niz' at line 7! Symbol node: Variable 'niz': type = 'array of int', adr = 0, level = 0
Found global variable usage 'niz' at line 8! Symbol node: Variable 'niz': type = 'array of int', adr = 0, level = 0
Found array element access 'niz[0]' at line 8! Symbol node: Array element 'niz[0]': type = 'int', adr = -1, level = -1
Found global variable usage 'niz' at line 9! Symbol node: Variable 'niz': type = 'array of int', adr = 0, level = 0
Found array element access 'niz[1]' at line 9! Symbol node: Array element 'niz[1]': type = 'int', adr = -1, level = -1
Found global variable usage 'niz' at line 10! Symbol node: Variable 'niz': type = 'array of int', adr = 0, level = 0
Found global variable usage 'i' at line 11! Symbol node: Variable 'i': type = 'int', adr = 1, level = 0
Semantic analysis completed without errors!
====================================================================================================
    0 symbolic constant(s) defined
    2 global variable(s) defined
    0 class(es) defined
    1 global method(s) defined
======================================== SYMBOL TABLE DUMP =========================================
Type 'int': type = 'int', adr = -1, level = -1
Type 'char': type = 'char', adr = -1, level = -1
Type 'bool': type = 'bool', adr = -1, level = -1
Constant 'null': type = 'class', adr = 0, level = 0
Constant 'eol': type = 'char', adr = 10, level = 0
Method 'chr': type = 'char', adr = 0, level = 1
  Formal parameter 'i': type = 'int', adr = 0, level = 1
Method 'ord': type = 'int', adr = 0, level = 1
  Formal parameter 'ch': type = 'char', adr = 0, level = 1
Method 'len': type = 'int', adr = 0, level = 1
  Formal parameter 'arr': type = 'array of none', adr = 0, level = 1
Program 'test302': type = 'none', adr = 0, level = 1
  Variable 'niz': type = 'array of int', adr = 0, level = 0
  Variable 'i': type = 'int', adr = 1, level = 0
  Method 'main': type = 'void', adr = 0, level = 0

Generating bytecode file: D:\Documents\Fakultet\7. semestar\13E114PP1\Projekat\MJCompiler\test\july302.obj
Compilation finished!
