S
150S
150S
150K
150K
150K
1504
90
600
13500

Completion took 0 ms